LENOVO@DESKTOP-RVAA7LS MINGW64 /d/My files/GITREPO
$ ls
'my azure notes.txt'  'notepad++-sp notes.txt'

LENOVO@DESKTOP-RVAA7LS MINGW64 /d/My files/GITREPO
$ git init
Initialized empty Git repository in D:/My files/GITREPO/.git/

LENOVO@DESKTOP-RVAA7LS MINGW64 /d/My files/GITREPO (master)
$ ls -a
 ./   ../   .git/  'my azure notes.txt'  'notepad++-sp notes.txt'

LENOVO@DESKTOP-RVAA7LS MINGW64 /d/My files/GITREPO (master)
$ ls
'my azure notes.txt'  'notepad++-sp notes.txt'

LENOVO@DESKTOP-RVAA7LS MINGW64 /d/My files/GITREPO (master)
$ git remote add origin https://github.com/varsha1295-jenkin/jenkindemo.git

LENOVO@DESKTOP-RVAA7LS MINGW64 /d/My files/GITREPO (master)
$ git status
On branch master

No commits yet

Untracked files:
  (use "git add <file>..." to include in what will be committed)
        my azure notes.txt
        notepad++-sp notes.txt

nothing added to commit but untracked files present (use "git add" to track)

LENOVO@DESKTOP-RVAA7LS MINGW64 /d/My files/GITREPO (master)
$ git add  my azure notes.txt
fatal: pathspec 'my' did not match any files

LENOVO@DESKTOP-RVAA7LS MINGW64 /d/My files/GITREPO (master)
$ git add my\ azure\ notes.txt

LENOVO@DESKTOP-RVAA7LS MINGW64 /d/My files/GITREPO (master)
$ git status
On branch master

No commits yet

Changes to be committed:
  (use "git rm --cached <file>..." to unstage)
        new file:   my azure notes.txt

Untracked files:
  (use "git add <file>..." to include in what will be committed)
        notepad++-sp notes.txt


LENOVO@DESKTOP-RVAA7LS MINGW64 /d/My files/GITREPO (master)
$ git add notepad++-sp\ notes.txt

LENOVO@DESKTOP-RVAA7LS MINGW64 /d/My files/GITREPO (master)
$ git status
On branch master

No commits yet

Changes to be committed:
  (use "git rm --cached <file>..." to unstage)
        new file:   my azure notes.txt
        new file:   notepad++-sp notes.txt


LENOVO@DESKTOP-RVAA7LS MINGW64 /d/My files/GITREPO (master)
$ git commit -m "varsha's first commit here"
Author identity unknown

*** Please tell me who you are.

Run

  git config --global user.email "you@example.com"
  git config --global user.name "Your Name"

to set your account's default identity.
Omit --global to set the identity only in this repository.

fatal: unable to auto-detect email address (got 'LENOVO@DESKTOP-RVAA7LS.(none)')

LENOVO@DESKTOP-RVAA7LS MINGW64 /d/My files/GITREPO (master)
$
